--------------------------------------------------------------------------------------
Timing Analyzer Summary
--------------------------------------------------------------------------------------

Type           : Worst-case tsu
Slack          : N/A
Required Time  : None
Actual Time    : 0.877 ns
From           : ADDRESS_IN[7]
To             : lpm_dff_addressSaver:inst127|lpm_ff:lpm_ff_component|dffs[7]
From Clock     : --
To Clock       : read
Failed Paths   : 0

Type           : Worst-case tco
Slack          : N/A
Required Time  : None
Actual Time    : 19.081 ns
From           : lpm_dff_readOZU:inst103|lpm_ff:lpm_ff_component|dffs[0]
To             : DATA[3]
From Clock     : clk
To Clock       : --
Failed Paths   : 0

Type           : Worst-case th
Slack          : N/A
Required Time  : None
Actual Time    : 0.630 ns
From           : ADDRESS_IN[0]
To             : lpm_dff_addressSaver:inst127|lpm_ff:lpm_ff_component|dffs[0]
From Clock     : --
To Clock       : read
Failed Paths   : 0

Type           : Clock Setup: 'clk'
Slack          : N/A
Required Time  : None
Actual Time    : 70.09 MHz ( period = 14.267 ns )
From           : lpm_dff_readOZU:inst103|lpm_ff:lpm_ff_component|dffs[0]
To             : string:string4|lpm_dff_word:2|lpm_ff:lpm_ff_component|dffs[6]
From Clock     : clk
To Clock       : clk
Failed Paths   : 0

Type           : Clock Setup: 'read'
Slack          : N/A
Required Time  : None
Actual Time    : 189.68 MHz ( period = 5.272 ns )
From           : lpm_dff_readOZU:inst103|lpm_ff:lpm_ff_component|dffs[0]
To             : lpm_ram_dq_6_7:inst|altsyncram:altsyncram_component|altsyncram_flc1:auto_generated|ram_block1a0~porta_datain_reg8
From Clock     : read
To Clock       : read
Failed Paths   : 0

Type           : Clock Setup: 'write'
Slack          : N/A
Required Time  : None
Actual Time    : Restricted to 500.00 MHz ( period = 2.000 ns )
From           : DCa:inst11|lpm_dff1:inst2|lpm_ff:lpm_ff_component|dffs[0]
To             : DCa:inst11|lpm_dff1:inst2|lpm_ff:lpm_ff_component|dffs[0]
From Clock     : write
To Clock       : write
Failed Paths   : 0

Type           : Clock Hold: 'clk'
Slack          : Not operational: Clock Skew > Data Delay
Required Time  : None
Actual Time    : N/A
From           : lpm_dff_readOZU:inst103|lpm_ff:lpm_ff_component|dffs[0]
To             : lpm_dff_readOZU:inst103|lpm_ff:lpm_ff_component|dffs[0]
From Clock     : clk
To Clock       : clk
Failed Paths   : 60

Type           : Clock Hold: 'read'
Slack          : Not operational: Clock Skew > Data Delay
Required Time  : None
Actual Time    : N/A
From           : lpm_dff_addressSaver:inst127|lpm_ff:lpm_ff_component|dffs[7]
To             : lpm_ram_dq_6_7:inst|altsyncram:altsyncram_component|altsyncram_flc1:auto_generated|ram_block1a0~porta_address_reg7
From Clock     : read
To Clock       : read
Failed Paths   : 6

Type           : Total number of failed paths
Slack          : 
Required Time  : 
Actual Time    : 
From           : 
To             : 
From Clock     : 
To Clock       : 
Failed Paths   : 66

--------------------------------------------------------------------------------------

