Flow report for cache
Fri Dec 06 20:49:13 2019
Quartus II Version 9.1 Build 222 10/21/2009 SJ Web Edition


---------------------
; Table of Contents ;
---------------------
  1. Legal Notice
  2. Flow Summary
  3. Flow Settings
  4. Flow Non-Default Global Settings
  5. Flow Elapsed Time
  6. Flow OS Summary
  7. Flow Log



----------------
; Legal Notice ;
----------------
Copyright (C) 1991-2009 Altera Corporation
Your use of Altera Corporation's design tools, logic functions 
and other software and tools, and its AMPP partner logic 
functions, and any output files from any of the foregoing 
(including device programming or simulation files), and any 
associated documentation or information are expressly subject 
to the terms and conditions of the Altera Program License 
Subscription Agreement, Altera MegaCore Function License 
Agreement, or other applicable license agreement, including, 
without limitation, that your use is for the sole purpose of 
programming logic devices manufactured by Altera and sold by 
Altera or its authorized distributors.  Please refer to the 
applicable agreement for further details.



+-------------------------------------------------------------------------+
; Flow Summary                                                            ;
+-------------------------------+-----------------------------------------+
; Flow Status                   ; Successful - Fri Dec 06 20:49:13 2019   ;
; Quartus II Version            ; 9.1 Build 222 10/21/2009 SJ Web Edition ;
; Revision Name                 ; cache                                   ;
; Top-level Entity Name         ; result                                  ;
; Family                        ; Stratix II                              ;
; Met timing requirements       ; No                                      ;
; Logic utilization             ; 9 %                                     ;
;     Combinational ALUTs       ; 531 / 12,480 ( 4 % )                    ;
;     Dedicated logic registers ; 711 / 12,480 ( 6 % )                    ;
; Total registers               ; 711                                     ;
; Total pins                    ; 92 / 343 ( 27 % )                       ;
; Total virtual pins            ; 0                                       ;
; Total block memory bits       ; 2,304 / 419,328 ( < 1 % )               ;
; DSP block 9-bit elements      ; 0 / 96 ( 0 % )                          ;
; Total PLLs                    ; 0 / 6 ( 0 % )                           ;
; Total DLLs                    ; 0 / 2 ( 0 % )                           ;
; Device                        ; EP2S15F484C3                            ;
; Timing Models                 ; Final                                   ;
+-------------------------------+-----------------------------------------+


+-----------------------------------------+
; Flow Settings                           ;
+-------------------+---------------------+
; Option            ; Setting             ;
+-------------------+---------------------+
; Start date & time ; 12/06/2019 20:48:59 ;
; Main task         ; Compilation         ;
; Revision Name     ; cache               ;
+-------------------+---------------------+


+--------------------------------------------------------------------------------------------------------------------+
; Flow Non-Default Global Settings                                                                                   ;
+------------------------------------+--------------------------------+---------------+-------------+----------------+
; Assignment Name                    ; Value                          ; Default Value ; Entity Name ; Section Id     ;
+------------------------------------+--------------------------------+---------------+-------------+----------------+
; COMPILER_SIGNATURE_ID              ; 93328261012165.157565453915556 ; --            ; --          ; --             ;
; IP_TOOL_NAME                       ; LPM_RAM_DQ                     ; --            ; --          ; --             ;
; IP_TOOL_NAME                       ; LPM_FF                         ; --            ; --          ; --             ;
; IP_TOOL_NAME                       ; LPM_FF                         ; --            ; --          ; --             ;
; IP_TOOL_NAME                       ; LPM_FF                         ; --            ; --          ; --             ;
; IP_TOOL_NAME                       ; LPM_FF                         ; --            ; --          ; --             ;
; IP_TOOL_NAME                       ; LPM_COUNTER                    ; --            ; --          ; --             ;
; IP_TOOL_NAME                       ; LPM_DECODE                     ; --            ; --          ; --             ;
; IP_TOOL_NAME                       ; LPM_MUX                        ; --            ; --          ; --             ;
; IP_TOOL_NAME                       ; LPM_BUSTRI                     ; --            ; --          ; --             ;
; IP_TOOL_NAME                       ; LPM_FF                         ; --            ; --          ; --             ;
; IP_TOOL_NAME                       ; LPM_COMPARE                    ; --            ; --          ; --             ;
; IP_TOOL_NAME                       ; LPM_FF                         ; --            ; --          ; --             ;
; IP_TOOL_NAME                       ; LPM_MUX                        ; --            ; --          ; --             ;
; IP_TOOL_NAME                       ; LPM_FF                         ; --            ; --          ; --             ;
; IP_TOOL_NAME                       ; LPM_BUSTRI                     ; --            ; --          ; --             ;
; IP_TOOL_NAME                       ; LPM_CONSTANT                   ; --            ; --          ; --             ;
; IP_TOOL_NAME                       ; LPM_COUNTER                    ; --            ; --          ; --             ;
; IP_TOOL_NAME                       ; LPM_CONSTANT                   ; --            ; --          ; --             ;
; IP_TOOL_NAME                       ; LPM_CONSTANT                   ; --            ; --          ; --             ;
; IP_TOOL_NAME                       ; LPM_CONSTANT                   ; --            ; --          ; --             ;
; IP_TOOL_NAME                       ; LPM_FF                         ; --            ; --          ; --             ;
; IP_TOOL_NAME                       ; LPM_COUNTER                    ; --            ; --          ; --             ;
; IP_TOOL_NAME                       ; LPM_COMPARE                    ; --            ; --          ; --             ;
; IP_TOOL_NAME                       ; LPM_DECODE                     ; --            ; --          ; --             ;
; IP_TOOL_NAME                       ; LPM_BUSTRI                     ; --            ; --          ; --             ;
; IP_TOOL_NAME                       ; LPM_COUNTER                    ; --            ; --          ; --             ;
; IP_TOOL_NAME                       ; LPM_FF                         ; --            ; --          ; --             ;
; IP_TOOL_NAME                       ; LPM_BUSTRI                     ; --            ; --          ; --             ;
; IP_TOOL_NAME                       ; LPM_ADD_SUB                    ; --            ; --          ; --             ;
; IP_TOOL_NAME                       ; LPM_FF                         ; --            ; --          ; --             ;
; IP_TOOL_NAME                       ; LPM_FF                         ; --            ; --          ; --             ;
; IP_TOOL_VERSION                    ; 9.1                            ; --            ; --          ; --             ;
; IP_TOOL_VERSION                    ; 9.1                            ; --            ; --          ; --             ;
; IP_TOOL_VERSION                    ; 9.1                            ; --            ; --          ; --             ;
; IP_TOOL_VERSION                    ; 9.1                            ; --            ; --          ; --             ;
; IP_TOOL_VERSION                    ; 9.1                            ; --            ; --          ; --             ;
; IP_TOOL_VERSION                    ; 9.1                            ; --            ; --          ; --             ;
; IP_TOOL_VERSION                    ; 9.1                            ; --            ; --          ; --             ;
; IP_TOOL_VERSION                    ; 9.1                            ; --            ; --          ; --             ;
; IP_TOOL_VERSION                    ; 9.1                            ; --            ; --          ; --             ;
; IP_TOOL_VERSION                    ; 9.1                            ; --            ; --          ; --             ;
; IP_TOOL_VERSION                    ; 9.1                            ; --            ; --          ; --             ;
; IP_TOOL_VERSION                    ; 9.1                            ; --            ; --          ; --             ;
; IP_TOOL_VERSION                    ; 9.1                            ; --            ; --          ; --             ;
; IP_TOOL_VERSION                    ; 9.1                            ; --            ; --          ; --             ;
; IP_TOOL_VERSION                    ; 9.1                            ; --            ; --          ; --             ;
; IP_TOOL_VERSION                    ; 9.1                            ; --            ; --          ; --             ;
; IP_TOOL_VERSION                    ; 9.1                            ; --            ; --          ; --             ;
; IP_TOOL_VERSION                    ; 9.1                            ; --            ; --          ; --             ;
; IP_TOOL_VERSION                    ; 9.1                            ; --            ; --          ; --             ;
; IP_TOOL_VERSION                    ; 9.1                            ; --            ; --          ; --             ;
; IP_TOOL_VERSION                    ; 9.1                            ; --            ; --          ; --             ;
; IP_TOOL_VERSION                    ; 9.1                            ; --            ; --          ; --             ;
; IP_TOOL_VERSION                    ; 9.1                            ; --            ; --          ; --             ;
; IP_TOOL_VERSION                    ; 9.1                            ; --            ; --          ; --             ;
; IP_TOOL_VERSION                    ; 9.1                            ; --            ; --          ; --             ;
; IP_TOOL_VERSION                    ; 9.1                            ; --            ; --          ; --             ;
; IP_TOOL_VERSION                    ; 9.1                            ; --            ; --          ; --             ;
; IP_TOOL_VERSION                    ; 9.1                            ; --            ; --          ; --             ;
; IP_TOOL_VERSION                    ; 9.1                            ; --            ; --          ; --             ;
; IP_TOOL_VERSION                    ; 9.1                            ; --            ; --          ; --             ;
; IP_TOOL_VERSION                    ; 9.1                            ; --            ; --          ; --             ;
; MISC_FILE                          ; lpm_ram_dq_6_7.tdf             ; --            ; --          ; --             ;
; MISC_FILE                          ; lpm_ram_dq_6_7.bsf             ; --            ; --          ; --             ;
; MISC_FILE                          ; lpm_ram_dq_6_7.inc             ; --            ; --          ; --             ;
; MISC_FILE                          ; lpm_dff_word.tdf               ; --            ; --          ; --             ;
; MISC_FILE                          ; lpm_dff_word.bsf               ; --            ; --          ; --             ;
; MISC_FILE                          ; lpm_dff_word.inc               ; --            ; --          ; --             ;
; MISC_FILE                          ; lpm_dff_relability.tdf         ; --            ; --          ; --             ;
; MISC_FILE                          ; lpm_dff_relability.bsf         ; --            ; --          ; --             ;
; MISC_FILE                          ; lpm_dff_relability.inc         ; --            ; --          ; --             ;
; MISC_FILE                          ; lpm_dff_tag.tdf                ; --            ; --          ; --             ;
; MISC_FILE                          ; lpm_dff_tag.bsf                ; --            ; --          ; --             ;
; MISC_FILE                          ; lpm_dff_tag.inc                ; --            ; --          ; --             ;
; MISC_FILE                          ; lpm_dff0.tdf                   ; --            ; --          ; --             ;
; MISC_FILE                          ; lpm_dff0.bsf                   ; --            ; --          ; --             ;
; MISC_FILE                          ; lpm_dff0.inc                   ; --            ; --          ; --             ;
; MISC_FILE                          ; lpm_counter0.tdf               ; --            ; --          ; --             ;
; MISC_FILE                          ; lpm_counter0.bsf               ; --            ; --          ; --             ;
; MISC_FILE                          ; lpm_counter0.inc               ; --            ; --          ; --             ;
; MISC_FILE                          ; lpm_decode0.tdf                ; --            ; --          ; --             ;
; MISC_FILE                          ; lpm_decode0.bsf                ; --            ; --          ; --             ;
; MISC_FILE                          ; lpm_decode0.inc                ; --            ; --          ; --             ;
; MISC_FILE                          ; lpm_mux0.tdf                   ; --            ; --          ; --             ;
; MISC_FILE                          ; lpm_mux0.bsf                   ; --            ; --          ; --             ;
; MISC_FILE                          ; lpm_mux0.inc                   ; --            ; --          ; --             ;
; MISC_FILE                          ; lpm_bustri_for9.tdf            ; --            ; --          ; --             ;
; MISC_FILE                          ; lpm_bustri_for9.bsf            ; --            ; --          ; --             ;
; MISC_FILE                          ; lpm_bustri_for9.inc            ; --            ; --          ; --             ;
; MISC_FILE                          ; lpm_dff_zaglushka.tdf          ; --            ; --          ; --             ;
; MISC_FILE                          ; lpm_dff_zaglushka.bsf          ; --            ; --          ; --             ;
; MISC_FILE                          ; lpm_dff_zaglushka.inc          ; --            ; --          ; --             ;
; MISC_FILE                          ; lpm_compare0_isTag.tdf         ; --            ; --          ; --             ;
; MISC_FILE                          ; lpm_compare0_isTag.bsf         ; --            ; --          ; --             ;
; MISC_FILE                          ; lpm_compare0_isTag.inc         ; --            ; --          ; --             ;
; MISC_FILE                          ; lpm_dff_hit.tdf                ; --            ; --          ; --             ;
; MISC_FILE                          ; lpm_dff_hit.bsf                ; --            ; --          ; --             ;
; MISC_FILE                          ; lpm_dff_hit.inc                ; --            ; --          ; --             ;
; MISC_FILE                          ; lpm_mux2.tdf                   ; --            ; --          ; --             ;
; MISC_FILE                          ; lpm_mux2.bsf                   ; --            ; --          ; --             ;
; MISC_FILE                          ; lpm_mux2.inc                   ; --            ; --          ; --             ;
; MISC_FILE                          ; lpm_dff_work_with.tdf          ; --            ; --          ; --             ;
; MISC_FILE                          ; lpm_dff_work_with.bsf          ; --            ; --          ; --             ;
; MISC_FILE                          ; lpm_dff_work_with.inc          ; --            ; --          ; --             ;
; MISC_FILE                          ; lpm_bustri_for2.tdf            ; --            ; --          ; --             ;
; MISC_FILE                          ; lpm_bustri_for2.bsf            ; --            ; --          ; --             ;
; MISC_FILE                          ; lpm_bustri_for2.inc            ; --            ; --          ; --             ;
; MISC_FILE                          ; lpm_constant0.tdf              ; --            ; --          ; --             ;
; MISC_FILE                          ; lpm_constant0.bsf              ; --            ; --          ; --             ;
; MISC_FILE                          ; lpm_constant0.inc              ; --            ; --          ; --             ;
; MISC_FILE                          ; lpm_counter1.tdf               ; --            ; --          ; --             ;
; MISC_FILE                          ; lpm_counter1.bsf               ; --            ; --          ; --             ;
; MISC_FILE                          ; lpm_counter1.inc               ; --            ; --          ; --             ;
; MISC_FILE                          ; lpm_constant1.tdf              ; --            ; --          ; --             ;
; MISC_FILE                          ; lpm_constant1.bsf              ; --            ; --          ; --             ;
; MISC_FILE                          ; lpm_constant1.inc              ; --            ; --          ; --             ;
; MISC_FILE                          ; lpm_constant2.tdf              ; --            ; --          ; --             ;
; MISC_FILE                          ; lpm_constant2.bsf              ; --            ; --          ; --             ;
; MISC_FILE                          ; lpm_constant2.inc              ; --            ; --          ; --             ;
; MISC_FILE                          ; lpm_constant3.tdf              ; --            ; --          ; --             ;
; MISC_FILE                          ; lpm_constant3.bsf              ; --            ; --          ; --             ;
; MISC_FILE                          ; lpm_constant3.inc              ; --            ; --          ; --             ;
; MISC_FILE                          ; lpm_dff_use.tdf                ; --            ; --          ; --             ;
; MISC_FILE                          ; lpm_dff_use.bsf                ; --            ; --          ; --             ;
; MISC_FILE                          ; lpm_dff_use.inc                ; --            ; --          ; --             ;
; MISC_FILE                          ; lpm_counter_use.tdf            ; --            ; --          ; --             ;
; MISC_FILE                          ; lpm_counter_use.bsf            ; --            ; --          ; --             ;
; MISC_FILE                          ; lpm_counter_use.inc            ; --            ; --          ; --             ;
; MISC_FILE                          ; lpm_compare_use.tdf            ; --            ; --          ; --             ;
; MISC_FILE                          ; lpm_compare_use.bsf            ; --            ; --          ; --             ;
; MISC_FILE                          ; lpm_compare_use.inc            ; --            ; --          ; --             ;
; MISC_FILE                          ; lpm_decode_toWrite.tdf         ; --            ; --          ; --             ;
; MISC_FILE                          ; lpm_decode_toWrite.bsf         ; --            ; --          ; --             ;
; MISC_FILE                          ; lpm_decode_toWrite.inc         ; --            ; --          ; --             ;
; MISC_FILE                          ; lpm_bustri_for1.tdf            ; --            ; --          ; --             ;
; MISC_FILE                          ; lpm_bustri_for1.bsf            ; --            ; --          ; --             ;
; MISC_FILE                          ; lpm_bustri_for1.inc            ; --            ; --          ; --             ;
; MISC_FILE                          ; lpm_counter2.tdf               ; --            ; --          ; --             ;
; MISC_FILE                          ; lpm_counter2.bsf               ; --            ; --          ; --             ;
; MISC_FILE                          ; lpm_counter2.inc               ; --            ; --          ; --             ;
; MISC_FILE                          ; lpm_dff_readOZU.tdf            ; --            ; --          ; --             ;
; MISC_FILE                          ; lpm_dff_readOZU.bsf            ; --            ; --          ; --             ;
; MISC_FILE                          ; lpm_dff_readOZU.inc            ; --            ; --          ; --             ;
; MISC_FILE                          ; lpm_bustri_for8.tdf            ; --            ; --          ; --             ;
; MISC_FILE                          ; lpm_bustri_for8.bsf            ; --            ; --          ; --             ;
; MISC_FILE                          ; lpm_bustri_for8.inc            ; --            ; --          ; --             ;
; MISC_FILE                          ; lpm_sub_1.tdf                  ; --            ; --          ; --             ;
; MISC_FILE                          ; lpm_sub_1.bsf                  ; --            ; --          ; --             ;
; MISC_FILE                          ; lpm_sub_1.inc                  ; --            ; --          ; --             ;
; MISC_FILE                          ; lpm_dff_addressSaver.tdf       ; --            ; --          ; --             ;
; MISC_FILE                          ; lpm_dff_addressSaver.bsf       ; --            ; --          ; --             ;
; MISC_FILE                          ; lpm_dff_addressSaver.inc       ; --            ; --          ; --             ;
; MISC_FILE                          ; lpm_dff_fordata.tdf            ; --            ; --          ; --             ;
; MISC_FILE                          ; lpm_dff_fordata.bsf            ; --            ; --          ; --             ;
; MISC_FILE                          ; lpm_dff_fordata.inc            ; --            ; --          ; --             ;
; PARTITION_COLOR                    ; 16764057                       ; --            ; result      ; Top            ;
; PARTITION_NETLIST_TYPE             ; SOURCE                         ; --            ; result      ; Top            ;
; TOP_LEVEL_ENTITY                   ; result                         ; cache         ; --          ; --             ;
; USE_GENERATED_PHYSICAL_CONSTRAINTS ; Off                            ; --            ; --          ; eda_blast_fpga ;
+------------------------------------+--------------------------------+---------------+-------------+----------------+


+-----------------------------------------------------------------------------------------------------------------------------+
; Flow Elapsed Time                                                                                                           ;
+-------------------------+--------------+-------------------------+---------------------+------------------------------------+
; Module Name             ; Elapsed Time ; Average Processors Used ; Peak Virtual Memory ; Total CPU Time (on all processors) ;
+-------------------------+--------------+-------------------------+---------------------+------------------------------------+
; Analysis & Synthesis    ; 00:00:04     ; 1.0                     ; 253 MB              ; 00:00:04                           ;
; Fitter                  ; 00:00:05     ; 1.0                     ; 296 MB              ; 00:00:05                           ;
; Assembler               ; 00:00:02     ; 1.0                     ; 254 MB              ; 00:00:01                           ;
; Classic Timing Analyzer ; 00:00:00     ; 1.0                     ; 190 MB              ; 00:00:01                           ;
; Total                   ; 00:00:11     ; --                      ; --                  ; 00:00:11                           ;
+-------------------------+--------------+-------------------------+---------------------+------------------------------------+


+------------------------------------------------------------------------------------------+
; Flow OS Summary                                                                          ;
+-------------------------+------------------+---------------+------------+----------------+
; Module Name             ; Machine Hostname ; OS Name       ; OS Version ; Processor type ;
+-------------------------+------------------+---------------+------------+----------------+
; Analysis & Synthesis    ; DESKTOP-2D3TMC8  ; Windows Vista ; 6.2        ; x86_64         ;
; Fitter                  ; DESKTOP-2D3TMC8  ; Windows Vista ; 6.2        ; x86_64         ;
; Assembler               ; DESKTOP-2D3TMC8  ; Windows Vista ; 6.2        ; x86_64         ;
; Classic Timing Analyzer ; DESKTOP-2D3TMC8  ; Windows Vista ; 6.2        ; x86_64         ;
+-------------------------+------------------+---------------+------------+----------------+


------------
; Flow Log ;
------------
quartus_map --read_settings_files=on --write_settings_files=off cache -c cache
quartus_fit --read_settings_files=off --write_settings_files=off cache -c cache
quartus_asm --read_settings_files=off --write_settings_files=off cache -c cache
quartus_tan --read_settings_files=off --write_settings_files=off cache -c cache --timing_analysis_only



