--------------------------------------------------------------------------------------
Timing Analyzer Summary
--------------------------------------------------------------------------------------

Type           : Worst-case tsu
Slack          : N/A
Required Time  : None
Actual Time    : 6.664 ns
From           : adress[0]
To             : lpm_ram_dq_6:inst3|altsyncram:altsyncram_component|altsyncram_0fc1:auto_generated|ram_block1a0~porta_address_reg1
From Clock     : --
To Clock       : clk
Failed Paths   : 0

Type           : Worst-case tco
Slack          : N/A
Required Time  : None
Actual Time    : 13.181 ns
From           : start_pin:inst1|lpm_dff_write:inst12|lpm_ff:lpm_ff_component|dffs[0]
To             : DATA[5]
From Clock     : clk
To Clock       : --
Failed Paths   : 0

Type           : Worst-case tpd
Slack          : N/A
Required Time  : None
Actual Time    : 10.439 ns
From           : rom_ram
To             : DATA[5]
From Clock     : --
To Clock       : --
Failed Paths   : 0

Type           : Worst-case th
Slack          : N/A
Required Time  : None
Actual Time    : 0.706 ns
From           : rom_ram
To             : buffer:inst4|lpm_dff_1:inst2|lpm_ff:lpm_ff_component|dffs[3]
From Clock     : --
To Clock       : clk
Failed Paths   : 0

Type           : Clock Setup: 'clk'
Slack          : N/A
Required Time  : None
Actual Time    : 134.08 MHz ( period = 7.458 ns )
From           : lpm_counter_to_adress:inst6|lpm_counter:lpm_counter_component|cntr_t3i:auto_generated|safe_q[0]
To             : lpm_ram_dq_6:inst3|altsyncram:altsyncram_component|altsyncram_0fc1:auto_generated|ram_block1a0~porta_address_reg1
From Clock     : clk
To Clock       : clk
Failed Paths   : 0

Type           : Clock Setup: 'start'
Slack          : N/A
Required Time  : None
Actual Time    : Restricted to 500.00 MHz ( period = 2.000 ns )
From           : start_pin:inst1|lpm_counter_before_dc:inst1|lpm_counter:lpm_counter_component|cntr_s3i:auto_generated|safe_q[0]
To             : start_pin:inst1|lpm_counter_before_dc:inst1|lpm_counter:lpm_counter_component|cntr_s3i:auto_generated|safe_q[3]
From Clock     : start
To Clock       : start
Failed Paths   : 0

Type           : Clock Hold: 'clk'
Slack          : Not operational: Clock Skew > Data Delay
Required Time  : None
Actual Time    : N/A
From           : start_pin:inst1|lpm_counter_before_dc:inst1|lpm_counter:lpm_counter_component|cntr_s3i:auto_generated|safe_q[1]
To             : start_pin:inst1|lpm_counter_before_dc:inst1|lpm_counter:lpm_counter_component|cntr_s3i:auto_generated|safe_q[1]
From Clock     : clk
To Clock       : clk
Failed Paths   : 300

Type           : Total number of failed paths
Slack          : 
Required Time  : 
Actual Time    : 
From           : 
To             : 
From Clock     : 
To Clock       : 
Failed Paths   : 300

--------------------------------------------------------------------------------------

