--------------------------------------------------------------------------------------
Timing Analyzer Summary
--------------------------------------------------------------------------------------

Type           : Worst-case tsu
Slack          : N/A
Required Time  : None
Actual Time    : 5.628 ns
From           : adress1[0]
To             : lpm_rom_6:inst|altsyncram:altsyncram_component|altsyncram_tb71:auto_generated|ram_block1a0~porta_address_reg4
From Clock     : --
To Clock       : clk
Failed Paths   : 0

Type           : Worst-case tco
Slack          : N/A
Required Time  : None
Actual Time    : 13.250 ns
From           : buffer:inst4|lpm_dff_1:inst5|lpm_ff:lpm_ff_component|dffs[5]
To             : DATA[5]
From Clock     : clk
To Clock       : --
Failed Paths   : 0

Type           : Worst-case tpd
Slack          : N/A
Required Time  : None
Actual Time    : 11.003 ns
From           : adress1[0]
To             : ad[2]
From Clock     : --
To Clock       : --
Failed Paths   : 0

Type           : Worst-case th
Slack          : N/A
Required Time  : None
Actual Time    : 0.969 ns
From           : rom_ram
To             : buffer:inst4|lpm_dff_1:inst5|lpm_ff:lpm_ff_component|dffs[0]
From Clock     : --
To Clock       : clk
Failed Paths   : 0

Type           : Clock Setup: 'clk'
Slack          : N/A
Required Time  : None
Actual Time    : 140.19 MHz ( period = 7.133 ns )
From           : buffer:inst4|lpm_dff_1:inst5|lpm_ff:lpm_ff_component|dffs[3]
To             : lpm_ram_dq_6:inst3|altsyncram:altsyncram_component|altsyncram_0fc1:auto_generated|ram_block1a0~porta_datain_reg3
From Clock     : clk
To Clock       : clk
Failed Paths   : 0

Type           : Clock Hold: 'clk'
Slack          : Not operational: Clock Skew > Data Delay
Required Time  : None
Actual Time    : N/A
From           : lpm_ram_dq_6:inst3|altsyncram:altsyncram_component|altsyncram_0fc1:auto_generated|q_a[2]
To             : buffer:inst4|lpm_dff_1:inst5|lpm_ff:lpm_ff_component|dffs[2]
From Clock     : clk
To Clock       : clk
Failed Paths   : 240

Type           : Total number of failed paths
Slack          : 
Required Time  : 
Actual Time    : 
From           : 
To             : 
From Clock     : 
To Clock       : 
Failed Paths   : 240

--------------------------------------------------------------------------------------

