--------------------------------------------------------------------------------------
Timing Analyzer Summary
--------------------------------------------------------------------------------------

Type           : Worst-case tco
Slack          : N/A
Required Time  : None
Actual Time    : 15.161 ns
From           : master:inst4|lpm_dff0:inst8|lpm_ff:lpm_ff_component|dffs[0]
To             : ADDRESS[0]
From Clock     : clk
To Clock       : --
Failed Paths   : 0

Type           : Clock Setup: 'clk'
Slack          : N/A
Required Time  : None
Actual Time    : 163.45 MHz ( period = 6.118 ns )
From           : master:inst4|lpm_dff0:inst8|lpm_ff:lpm_ff_component|dffs[0]
To             : master:inst4|lpm_dff0:inst8|lpm_ff:lpm_ff_component|dffs[0]
From Clock     : clk
To Clock       : clk
Failed Paths   : 0

Type           : Clock Hold: 'clk'
Slack          : Not operational: Clock Skew > Data Delay
Required Time  : None
Actual Time    : N/A
From           : master:inst4|lpm_dff0:inst8|lpm_ff:lpm_ff_component|dffs[0]
To             : master:inst4|lpm_dff0:inst8|lpm_ff:lpm_ff_component|dffs[0]
From Clock     : clk
To Clock       : clk
Failed Paths   : 21

Type           : Total number of failed paths
Slack          : 
Required Time  : 
Actual Time    : 
From           : 
To             : 
From Clock     : 
To Clock       : 
Failed Paths   : 21

--------------------------------------------------------------------------------------

